# /Users/anisiva/Developer/WorldModel/.venv/bin/python -m infra.remote --module wm.train --gpu -- --scale full --data-frac 0.1 --tag ablation10 --steps 6000 --max-seconds 2700
✓ Initialized. View run at 
https://modal.com/apps/ani-sivaa/main/ap-LxQfduWRwUo7kIH6crFZXR
✓ Created objects.
├── 🔨 Created mount PythonPackage:infra
├── 🔨 Created mount /Users/anisiva/Developer/WorldModel
├── 🔨 Created function run_module_gpu.
├── 🔨 Created function run_module_cpu.
└── 🔨 Created function vol_read.
[wm.train] tag=ablation10 dev=cuda steps=6000 batch=128 T=1000000 train_end=94750 v2=False frac=0.1
/root/wm/train.py:137: UserWarning: Converting a tensor with requires_grad=True to a scalar may lead to unexpected behavior.
Consider using tensor.detach() first. (Triggered internally at /__w/pytorch/pytorch/torch/csrc/autograd/generated/python_variable_methods.cpp:822.)
  log["loss"].append(float(total))
  step 1/6000 k=1 loss=0.82402 frame=0.82402 rew=0.00000 done=0.00000 2s
  step 100/6000 k=1 loss=0.01650 frame=0.01650 rew=0.00000 done=0.00000 6s
  step 200/6000 k=1 loss=0.00692 frame=0.00692 rew=0.00000 done=0.00000 10s
  step 300/6000 k=1 loss=0.00567 frame=0.00567 rew=0.00000 done=0.00000 14s
  step 400/6000 k=1 loss=0.00450 frame=0.00450 rew=0.00000 done=0.00000 18s
  step 500/6000 k=1 loss=0.00394 frame=0.00394 rew=0.00000 done=0.00000 22s
  step 600/6000 k=1 loss=0.00378 frame=0.00378 rew=0.00000 done=0.00000 26s
  step 700/6000 k=1 loss=0.00352 frame=0.00352 rew=0.00000 done=0.00000 30s
  step 800/6000 k=1 loss=0.00324 frame=0.00324 rew=0.00000 done=0.00000 34s
  step 900/6000 k=1 loss=0.00334 frame=0.00334 rew=0.00000 done=0.00000 38s
  step 1000/6000 k=1 loss=0.00311 frame=0.00311 rew=0.00000 done=0.00000 42s
  [ckpt] step 1000 val_frame=0.00902 -> /vol/checkpoints/ablation10.pt
  step 1100/6000 k=1 loss=0.00323 frame=0.00323 rew=0.00000 done=0.00000 47s
  step 1200/6000 k=1 loss=0.00270 frame=0.00270 rew=0.00000 done=0.00000 51s
  step 1300/6000 k=1 loss=0.00225 frame=0.00225 rew=0.00000 done=0.00000 55s
  step 1400/6000 k=1 loss=0.00244 frame=0.00244 rew=0.00000 done=0.00000 59s
  step 1500/6000 k=1 loss=0.00215 frame=0.00215 rew=0.00000 done=0.00000 63s
  step 1600/6000 k=1 loss=0.00198 frame=0.00198 rew=0.00000 done=0.00000 67s
  step 1700/6000 k=1 loss=0.00141 frame=0.00141 rew=0.00000 done=0.00000 71s
  step 1800/6000 k=1 loss=0.00159 frame=0.00159 rew=0.00000 done=0.00000 75s
  step 1900/6000 k=1 loss=0.00197 frame=0.00197 rew=0.00000 done=0.00000 79s
  step 2000/6000 k=1 loss=0.00246 frame=0.00246 rew=0.00000 done=0.00000 83s
  [ckpt] step 2000 val_frame=0.00925 -> /vol/checkpoints/ablation10.pt
  step 2100/6000 k=1 loss=0.00168 frame=0.00168 rew=0.00000 done=0.00000 87s
  step 2200/6000 k=5 loss=0.00408 frame=0.00408 rew=0.00000 done=0.00000 104s
  step 2300/6000 k=5 loss=0.00325 frame=0.00325 rew=0.00000 done=0.00000 121s
  step 2400/6000 k=5 loss=0.00293 frame=0.00293 rew=0.00000 done=0.00000 138s
  step 2500/6000 k=5 loss=0.00216 frame=0.00216 rew=0.00000 done=0.00000 156s
  step 2600/6000 k=5 loss=0.00213 frame=0.00213 rew=0.00000 done=0.00000 173s
  step 2700/6000 k=5 loss=0.00189 frame=0.00189 rew=0.00000 done=0.00000 190s
  step 2800/6000 k=5 loss=0.00171 frame=0.00171 rew=0.00000 done=0.00000 208s
  step 2900/6000 k=5 loss=0.00171 frame=0.00171 rew=0.00000 done=0.00000 225s
  step 3000/6000 k=5 loss=0.00176 frame=0.00176 rew=0.00000 done=0.00000 243s
  [ckpt] step 3000 val_frame=0.00261 -> /vol/checkpoints/ablation10.pt
  step 3100/6000 k=5 loss=0.00163 frame=0.00163 rew=0.00000 done=0.00000 260s
  step 3200/6000 k=5 loss=0.00163 frame=0.00163 rew=0.00000 done=0.00000 278s
  step 3300/6000 k=5 loss=0.00132 frame=0.00132 rew=0.00000 done=0.00000 295s
  step 3400/6000 k=5 loss=0.00161 frame=0.00161 rew=0.00000 done=0.00000 312s
  step 3500/6000 k=5 loss=0.00130 frame=0.00130 rew=0.00000 done=0.00000 330s
  step 3600/6000 k=5 loss=0.00165 frame=0.00165 rew=0.00000 done=0.00000 347s
  step 3700/6000 k=5 loss=0.00092 frame=0.00092 rew=0.00000 done=0.00000 364s
  step 3800/6000 k=5 loss=0.00110 frame=0.00110 rew=0.00000 done=0.00000 382s
  step 3900/6000 k=5 loss=0.00103 frame=0.00103 rew=0.00000 done=0.00000 399s
  step 4000/6000 k=5 loss=0.00126 frame=0.00126 rew=0.00000 done=0.00000 416s
  [ckpt] step 4000 val_frame=0.00138 -> /vol/checkpoints/ablation10.pt
  step 4100/6000 k=5 loss=0.00135 frame=0.00135 rew=0.00000 done=0.00000 434s
  step 4200/6000 k=5 loss=0.00090 frame=0.00090 rew=0.00000 done=0.00000 451s
  step 4300/6000 k=5 loss=0.00116 frame=0.00116 rew=0.00000 done=0.00000 469s
  step 4400/6000 k=5 loss=0.00083 frame=0.00083 rew=0.00000 done=0.00000 487s
  step 4500/6000 k=5 loss=0.00079 frame=0.00079 rew=0.00000 done=0.00000 504s
  step 4600/6000 k=5 loss=0.00111 frame=0.00111 rew=0.00000 done=0.00000 522s
  step 4700/6000 k=5 loss=0.00101 frame=0.00101 rew=0.00000 done=0.00000 539s
  step 4800/6000 k=5 loss=0.00089 frame=0.00089 rew=0.00000 done=0.00000 556s
  step 4900/6000 k=5 loss=0.00072 frame=0.00072 rew=0.00000 done=0.00000 573s
  step 5000/6000 k=5 loss=0.00094 frame=0.00094 rew=0.00000 done=0.00000 591s
  [ckpt] step 5000 val_frame=0.00333 -> /vol/checkpoints/ablation10.pt
  step 5100/6000 k=5 loss=0.00089 frame=0.00089 rew=0.00000 done=0.00000 608s
  step 5200/6000 k=5 loss=0.00074 frame=0.00074 rew=0.00000 done=0.00000 626s
  step 5300/6000 k=5 loss=0.00100 frame=0.00100 rew=0.00000 done=0.00000 643s
  step 5400/6000 k=5 loss=0.00059 frame=0.00059 rew=0.00000 done=0.00000 660s
  step 5500/6000 k=5 loss=0.00067 frame=0.00067 rew=0.00000 done=0.00000 677s
  step 5600/6000 k=5 loss=0.00063 frame=0.00063 rew=0.00000 done=0.00000 695s
  step 5700/6000 k=5 loss=0.00068 frame=0.00068 rew=0.00000 done=0.00000 712s
  step 5800/6000 k=5 loss=0.00074 frame=0.00074 rew=0.00000 done=0.00000 729s
  step 5900/6000 k=5 loss=0.00072 frame=0.00072 rew=0.00000 done=0.00000 747s
  step 6000/6000 k=5 loss=0.00077 frame=0.00077 rew=0.00000 done=0.00000 764s
  [ckpt] step 6000 val_frame=0.00434 -> /vol/checkpoints/ablation10.pt
WM_TRAIN_OK tag=ablation10 steps=6000 final_val=0.00434 wall=766s ckpt=/vol/checkpoints/ablation10.pt
Stopping app - local entrypoint completed.
✓ App completed. View run at 
https://modal.com/apps/ani-sivaa/main/ap-LxQfduWRwUo7kIH6crFZXR
=== REMOTE RESULT ===
{
  "module": "wm.train",
  "argv": [
    "--scale",
    "full",
    "--data-frac",
    "0.1",
    "--tag",
    "ablation10",
    "--steps",
    "6000",
    "--max-seconds",
    "2700"
  ],
  "timeout_hint": 0,
  "ok": true,
  "error": null,
  "seconds": 773.74
}
