[?25l⠋ Downloading file(s) to local...
[1mDownloading file(s) to local...[0m 0:00:00                                        [1m.[0m[2K[1A[2K⠸ Downloading file(s) to local...
[1mDownloading file(s) to local...[0m 0:00:00                                        [1m.[0m
[1mresults/selection_honest_campaign_v2_r1.json[0m        0.0% • 0.0/1.2 • ? • -:--:--
                                                           kB                   [2K[1A[2K[1A[2K[1A[2K⠦ Downloading file(s) to local...
[1mDownloading file(s) to local...[0m 0:00:00                                        [1m.[0m
[1mresults/selection_honest_campaign_v2_r1.json[0m        0.0% • 0.0/1.2 • ? • -:--:--
                                                           kB                   [2K[1A[2K[1A[2K[1A[2K⠧ Post processing...
[?25h[1A[2K✓ Finished downloading files to local!
FETCHED /workspace/results/honest_campaign_v2_r1_selection.json
[?25l⠋ Downloading file(s) to local...
[1mDownloading file(s) to local...[0m 0:00:00                                        [1m.[0m[2K[1A[2K⠸ Downloading file(s) to local...
[1mDownloading file(s) to local...[0m 0:00:00                                        [1m.[0m[2K[1A[2K⠦ Downloading file(s) to local...
[1mDownloading file(s) to local...[0m 0:00:00                                        [1m.[0m
[1mresults/trust_honest_campaign_v2_r2_prepolicy.json[0m      0.0% • 0.0… • ? • -:--:…
                                                               kB               [2K[1A[2K[1A[2K[1A[2K⠏ Downloading file(s) to local...
[1mDownloading file(s) to local...[0m 0:00:00                                        [1m.[0m
[1mresults/trust_honest_campaign_v2_r2_prepolicy.json[0m      0.0% • 0.0… • ? • -:--:…
                                                               kB               [2K[1A[2K[1A[2K[1A[2K⠙ Post processing...
[?25h[1A[2K✓ Finished downloading files to local!
FETCHED /workspace/results/campaign_evidence/round-2_pretrust.json
[campaign] SKIP round-0 (prior pretrust stop: ['ballless_positive_rate'])
[campaign] SKIP round-1:collect
[campaign] SKIP round-1:wm-0
[campaign] SKIP round-1:wm-1
[campaign] SKIP round-1:wm-2
[campaign] SKIP round-1:pretrust
[campaign] SKIP round-1:policy-0
[campaign] SKIP round-1:policy-trust-0
[campaign] SKIP round-1:development-0
[campaign] SKIP round-1:policy-1
[campaign] SKIP round-1:policy-trust-1
[campaign] SKIP round-1:development-1
[campaign] SKIP round-1:policy-2
[campaign] SKIP round-1:policy-trust-2
[campaign] SKIP round-1:development-2
[campaign] SKIP round-1:selection
[campaign] SKIP round-2:collect
[campaign] SKIP round-2:wm-0
[campaign] RUN round-2:wm-1
  /workspace/.venv/bin/python -m infra.remote --module wm.train --gpu -- --scale full --data /vol/data/honest_campaign_v2_r2 --out /vol/checkpoints/honest_campaign_v2_r2_wm1.pt --tag honest_campaign_v2_r2_wm1 --v2 --stochastic --sampler balanced --bootstrap --seed 314 --steps 18000 --max-seconds 10800
[campaign] RUN round-2:wm-2
  /workspace/.venv/bin/python -m infra.remote --module wm.train --gpu -- --scale full --data /vol/data/honest_campaign_v2_r2 --out /vol/checkpoints/honest_campaign_v2_r2_wm2.pt --tag honest_campaign_v2_r2_wm2 --v2 --stochastic --sampler balanced --bootstrap --seed 2718 --steps 18000 --max-seconds 10800
[campaign] RUN round-2:pretrust
  /workspace/.venv/bin/python -m infra.remote --module scripts.evaluate_trust --gpu -- --scale full --data /vol/data/honest_campaign_v2_r2 --wm /vol/checkpoints/honest_campaign_v2_r2_wm0.pt /vol/checkpoints/honest_campaign_v2_r2_wm1.pt /vol/checkpoints/honest_campaign_v2_r2_wm2.pt --stochastic-samples 8 --out /vol/results/trust_honest_campaign_v2_r2_prepolicy.json --tag honest_campaign_v2_r2_prepolicy
[campaign] RUN round-2:policy-0
  /workspace/.venv/bin/python -m infra.remote --module agents.train_dream --gpu -- --scale full --data /vol/data/honest_campaign_v2_r2 --wm /vol/checkpoints/honest_campaign_v2_r2_wm0.pt /vol/checkpoints/honest_campaign_v2_r2_wm1.pt /vol/checkpoints/honest_campaign_v2_r2_wm2.pt --algorithm ppo --latent-mode sample --ball-guard --seed 42 --updates 2500 --max-seconds 14400 --tag honest_campaign_v2_r2_ppo_seed42 --out /vol/checkpoints/honest_campaign_v2_r2_ppo_seed42.pt
